<html>
<body>
<pre>
<h1>µVision Build Log</h1>
<h2>Project:</h2>
C:\Keil\ValvanoWareTM4C123\Lab8\ADCSWTrigger.uvproj
Project File Date:  10/17/2016

<h2>Output:</h2>
Build target 'ADCSWTrigger'
compiling music.c...
music.h(72): warning:  #1-D: last line of file ends without a newline
  #define C2 373   // 2093.005 Hz
music.c: 1 warning, 0 errors
compiling input.c...
music.h(72): warning:  #1-D: last line of file ends without a newline
  #define C2 373   // 2093.005 Hz
input.c(10): warning:  #177-D: variable "DC" was declared but never referenced
    int DC = 0;
input.c(87): warning:  #177-D: variable "delay" was declared but never referenced
        int delay = 0;
input.c: 3 warnings, 0 errors
linking...
Program Size: Code=4272 RO-data=2180 RW-data=76 ZI-data=1124  
".\ADCSWTrigger.axf" - 0 Error(s), 4 Warning(s).
Load "C:\\Keil\\ValvanoWareTM4C123\\Lab8\\ADCSWTrigger.axf" 
Connecting: Mode=JTAG, Speed=1000000Hz
Erase Done.
Programming Done.
Verify OK.
</pre>
</body>
</html>
7-D: variable "DC" was declared but never referenced
    int DC = 0;
input.c(195): warning:  #177-D: variable "delay" was declared but never referenced
        int delay = 0;
input.c: 5 warnings, 0 errors
linking...
Program Size: Code=4272 RO-data=2180 RW-data=76 ZI-data=1124  
".\ADCSWTrigger.axf" - 0 Error(s), 8 Warning(s).
Load "C:\\Keil\\ValvanoWareTM4C123\\Lab8\\ADCSWTrigger.axf" 
Connecting: Mode=JTAG, Speed=1000000Hz
Erase Done.
Programming Done.
Verify OK.
